Archive member included because of file (symbol)

d:/courses/imt/01- full embedded systems diploma/tools/imt_sdk_win_64/winavr/bin/../lib/gcc/avr/4.3.3/avr5\libgcc.a(_mulsi3.o)
                              ./MATH_HELPER.o (__mulsi3)
d:/courses/imt/01- full embedded systems diploma/tools/imt_sdk_win_64/winavr/bin/../lib/gcc/avr/4.3.3/avr5\libgcc.a(_udivmodhi4.o)
                              ./TIMER_program.o (__udivmodhi4)
d:/courses/imt/01- full embedded systems diploma/tools/imt_sdk_win_64/winavr/bin/../lib/gcc/avr/4.3.3/avr5\libgcc.a(_udivmodsi4.o)
                              ./APP_program.o (__udivmodsi4)
d:/courses/imt/01- full embedded systems diploma/tools/imt_sdk_win_64/winavr/bin/../lib/gcc/avr/4.3.3/avr5\libgcc.a(_divmodsi4.o)
                              ./MATH_HELPER.o (__divmodsi4)
d:/courses/imt/01- full embedded systems diploma/tools/imt_sdk_win_64/winavr/bin/../lib/gcc/avr/4.3.3/avr5\libgcc.a(_exit.o)
                              d:/courses/imt/01- full embedded systems diploma/tools/imt_sdk_win_64/winavr/bin/../lib/gcc/avr/4.3.3/../../../../avr/lib/avr5/crtm32.o (exit)
d:/courses/imt/01- full embedded systems diploma/tools/imt_sdk_win_64/winavr/bin/../lib/gcc/avr/4.3.3/avr5\libgcc.a(_copy_data.o)
                              ./ADC_program.o (__do_copy_data)
d:/courses/imt/01- full embedded systems diploma/tools/imt_sdk_win_64/winavr/bin/../lib/gcc/avr/4.3.3/avr5\libgcc.a(_clear_bss.o)
                              ./ADC_program.o (__do_clear_bss)
d:/courses/imt/01- full embedded systems diploma/tools/imt_sdk_win_64/winavr/bin/../lib/gcc/avr/4.3.3/avr5\libgcc.a(_fixunssfsi.o)
                              ./APP_program.o (__fixunssfsi)
d:/courses/imt/01- full embedded systems diploma/tools/imt_sdk_win_64/winavr/bin/../lib/gcc/avr/4.3.3/avr5\libgcc.a(_addsub_sf.o)
                              d:/courses/imt/01- full embedded systems diploma/tools/imt_sdk_win_64/winavr/bin/../lib/gcc/avr/4.3.3/avr5\libgcc.a(_fixunssfsi.o) (__subsf3)
d:/courses/imt/01- full embedded systems diploma/tools/imt_sdk_win_64/winavr/bin/../lib/gcc/avr/4.3.3/avr5\libgcc.a(_mul_sf.o)
                              ./APP_program.o (__mulsf3)
d:/courses/imt/01- full embedded systems diploma/tools/imt_sdk_win_64/winavr/bin/../lib/gcc/avr/4.3.3/avr5\libgcc.a(_div_sf.o)
                              ./ULTRASONIC_program.o (__divsf3)
d:/courses/imt/01- full embedded systems diploma/tools/imt_sdk_win_64/winavr/bin/../lib/gcc/avr/4.3.3/avr5\libgcc.a(_gt_sf.o)
                              ./APP_program.o (__gtsf2)
d:/courses/imt/01- full embedded systems diploma/tools/imt_sdk_win_64/winavr/bin/../lib/gcc/avr/4.3.3/avr5\libgcc.a(_ge_sf.o)
                              d:/courses/imt/01- full embedded systems diploma/tools/imt_sdk_win_64/winavr/bin/../lib/gcc/avr/4.3.3/avr5\libgcc.a(_fixunssfsi.o) (__gesf2)
d:/courses/imt/01- full embedded systems diploma/tools/imt_sdk_win_64/winavr/bin/../lib/gcc/avr/4.3.3/avr5\libgcc.a(_lt_sf.o)
                              ./APP_program.o (__ltsf2)
d:/courses/imt/01- full embedded systems diploma/tools/imt_sdk_win_64/winavr/bin/../lib/gcc/avr/4.3.3/avr5\libgcc.a(_sf_to_si.o)
                              d:/courses/imt/01- full embedded systems diploma/tools/imt_sdk_win_64/winavr/bin/../lib/gcc/avr/4.3.3/avr5\libgcc.a(_fixunssfsi.o) (__fixsfsi)
d:/courses/imt/01- full embedded systems diploma/tools/imt_sdk_win_64/winavr/bin/../lib/gcc/avr/4.3.3/avr5\libgcc.a(_thenan_sf.o)
                              d:/courses/imt/01- full embedded systems diploma/tools/imt_sdk_win_64/winavr/bin/../lib/gcc/avr/4.3.3/avr5\libgcc.a(_addsub_sf.o) (__thenan_sf)
d:/courses/imt/01- full embedded systems diploma/tools/imt_sdk_win_64/winavr/bin/../lib/gcc/avr/4.3.3/avr5\libgcc.a(_usi_to_sf.o)
                              ./ULTRASONIC_program.o (__floatunsisf)
d:/courses/imt/01- full embedded systems diploma/tools/imt_sdk_win_64/winavr/bin/../lib/gcc/avr/4.3.3/avr5\libgcc.a(_prologue.o)
                              d:/courses/imt/01- full embedded systems diploma/tools/imt_sdk_win_64/winavr/bin/../lib/gcc/avr/4.3.3/avr5\libgcc.a(_addsub_sf.o) (__prologue_saves__)
d:/courses/imt/01- full embedded systems diploma/tools/imt_sdk_win_64/winavr/bin/../lib/gcc/avr/4.3.3/avr5\libgcc.a(_epilogue.o)
                              d:/courses/imt/01- full embedded systems diploma/tools/imt_sdk_win_64/winavr/bin/../lib/gcc/avr/4.3.3/avr5\libgcc.a(_addsub_sf.o) (__epilogue_restores__)
d:/courses/imt/01- full embedded systems diploma/tools/imt_sdk_win_64/winavr/bin/../lib/gcc/avr/4.3.3/avr5\libgcc.a(_clzsi2.o)
                              d:/courses/imt/01- full embedded systems diploma/tools/imt_sdk_win_64/winavr/bin/../lib/gcc/avr/4.3.3/avr5\libgcc.a(_usi_to_sf.o) (__clzsi2)
d:/courses/imt/01- full embedded systems diploma/tools/imt_sdk_win_64/winavr/bin/../lib/gcc/avr/4.3.3/avr5\libgcc.a(_pack_sf.o)
                              d:/courses/imt/01- full embedded systems diploma/tools/imt_sdk_win_64/winavr/bin/../lib/gcc/avr/4.3.3/avr5\libgcc.a(_addsub_sf.o) (__pack_f)
d:/courses/imt/01- full embedded systems diploma/tools/imt_sdk_win_64/winavr/bin/../lib/gcc/avr/4.3.3/avr5\libgcc.a(_unpack_sf.o)
                              d:/courses/imt/01- full embedded systems diploma/tools/imt_sdk_win_64/winavr/bin/../lib/gcc/avr/4.3.3/avr5\libgcc.a(_addsub_sf.o) (__unpack_f)
d:/courses/imt/01- full embedded systems diploma/tools/imt_sdk_win_64/winavr/bin/../lib/gcc/avr/4.3.3/avr5\libgcc.a(_fpcmp_parts_sf.o)
                              d:/courses/imt/01- full embedded systems diploma/tools/imt_sdk_win_64/winavr/bin/../lib/gcc/avr/4.3.3/avr5\libgcc.a(_gt_sf.o) (__fpcmp_parts_f)
d:/courses/imt/01- full embedded systems diploma/tools/imt_sdk_win_64/winavr/bin/../lib/gcc/avr/4.3.3/avr5\libgcc.a(_clz.o)
                              d:/courses/imt/01- full embedded systems diploma/tools/imt_sdk_win_64/winavr/bin/../lib/gcc/avr/4.3.3/avr5\libgcc.a(_clzsi2.o) (__clz_tab)
d:/courses/imt/01- full embedded systems diploma/tools/imt_sdk_win_64/winavr/bin/../lib/gcc/avr/4.3.3/../../../../avr/lib/avr5\libc.a(strtok.o)
                              ./LCD_program.o (strtok)
d:/courses/imt/01- full embedded systems diploma/tools/imt_sdk_win_64/winavr/bin/../lib/gcc/avr/4.3.3/../../../../avr/lib/avr5\libc.a(strlen.o)
                              ./LCD_program.o (strlen)
d:/courses/imt/01- full embedded systems diploma/tools/imt_sdk_win_64/winavr/bin/../lib/gcc/avr/4.3.3/../../../../avr/lib/avr5\libc.a(strtok_r.o)
                              d:/courses/imt/01- full embedded systems diploma/tools/imt_sdk_win_64/winavr/bin/../lib/gcc/avr/4.3.3/../../../../avr/lib/avr5\libc.a(strtok.o) (strtok_r)

Allocating common symbols
Common symbol       size              file

Local_u8Counter     0x1               ./APP_program.o

Memory Configuration

Name             Origin             Length             Attributes
text             0x00000000         0x00020000         xr
data             0x00800060         0x0000ffa0         rw !x
eeprom           0x00810000         0x00010000         rw !x
fuse             0x00820000         0x00000400         rw !x
lock             0x00830000         0x00000400         rw !x
signature        0x00840000         0x00000400         rw !x
*default*        0x00000000         0xffffffff

Linker script and memory map

LOAD d:/courses/imt/01- full embedded systems diploma/tools/imt_sdk_win_64/winavr/bin/../lib/gcc/avr/4.3.3/../../../../avr/lib/avr5/crtm32.o
LOAD ./ADC_program.o
LOAD ./APP_program.o
LOAD ./DIO_program.o
LOAD ./EXTI_program.o
LOAD ./GIE_program.o
LOAD ./KPD_program.o
LOAD ./LCD_program.o
LOAD ./LDR_program.o
LOAD ./MATH_HELPER.o
LOAD ./PORT_program.o
LOAD ./SERVO_program.o
LOAD ./TIMER_program.o
LOAD ./ULTRASONIC_program.o
LOAD ./ULTSONIC_program.o
LOAD ./USART_program.o
LOAD ./main.o
LOAD d:/courses/imt/01- full embedded systems diploma/tools/imt_sdk_win_64/winavr/bin/../lib/gcc/avr/4.3.3/avr5\libgcc.a
LOAD d:/courses/imt/01- full embedded systems diploma/tools/imt_sdk_win_64/winavr/bin/../lib/gcc/avr/4.3.3/../../../../avr/lib/avr5\libc.a
LOAD d:/courses/imt/01- full embedded systems diploma/tools/imt_sdk_win_64/winavr/bin/../lib/gcc/avr/4.3.3/avr5\libgcc.a

.hash
 *(.hash)

.dynsym
 *(.dynsym)

.dynstr
 *(.dynstr)

.gnu.version
 *(.gnu.version)

.gnu.version_d
 *(.gnu.version_d)

.gnu.version_r
 *(.gnu.version_r)

.rel.init
 *(.rel.init)

.rela.init
 *(.rela.init)

.rel.text
 *(.rel.text)
 *(.rel.text.*)
 *(.rel.gnu.linkonce.t*)

.rela.text
 *(.rela.text)
 *(.rela.text.*)
 *(.rela.gnu.linkonce.t*)

.rel.fini
 *(.rel.fini)

.rela.fini
 *(.rela.fini)

.rel.rodata
 *(.rel.rodata)
 *(.rel.rodata.*)
 *(.rel.gnu.linkonce.r*)

.rela.rodata
 *(.rela.rodata)
 *(.rela.rodata.*)
 *(.rela.gnu.linkonce.r*)

.rel.data
 *(.rel.data)
 *(.rel.data.*)
 *(.rel.gnu.linkonce.d*)

.rela.data
 *(.rela.data)
 *(.rela.data.*)
 *(.rela.gnu.linkonce.d*)

.rel.ctors
 *(.rel.ctors)

.rela.ctors
 *(.rela.ctors)

.rel.dtors
 *(.rel.dtors)

.rela.dtors
 *(.rela.dtors)

.rel.got
 *(.rel.got)

.rela.got
 *(.rela.got)

.rel.bss
 *(.rel.bss)

.rela.bss
 *(.rela.bss)

.rel.plt
 *(.rel.plt)

.rela.plt
 *(.rela.plt)

.text           0x00000000     0x7b8c
 *(.vectors)
 .vectors       0x00000000       0x54 d:/courses/imt/01- full embedded systems diploma/tools/imt_sdk_win_64/winavr/bin/../lib/gcc/avr/4.3.3/../../../../avr/lib/avr5/crtm32.o
                0x00000000                __vectors
                0x00000000                __vector_default
 *(.vectors)
 *(.progmem.gcc*)
 *(.progmem*)
                0x00000054                . = ALIGN (0x2)
                0x00000054                __trampolines_start = .
 *(.trampolines)
 .trampolines   0x00000054        0x0 linker stubs
 *(.trampolines*)
                0x00000054                __trampolines_end = .
 *(.jumptables)
 *(.jumptables*)
 *(.lowtext)
 *(.lowtext*)
                0x00000054                __ctors_start = .
 *(.ctors)
                0x00000054                __ctors_end = .
                0x00000054                __dtors_start = .
 *(.dtors)
                0x00000054                __dtors_end = .
 SORT(*)(.ctors)
 SORT(*)(.dtors)
 *(.init0)
 .init0         0x00000054        0x0 d:/courses/imt/01- full embedded systems diploma/tools/imt_sdk_win_64/winavr/bin/../lib/gcc/avr/4.3.3/../../../../avr/lib/avr5/crtm32.o
                0x00000054                __init
 *(.init0)
 *(.init1)
 *(.init1)
 *(.init2)
 .init2         0x00000054        0xc d:/courses/imt/01- full embedded systems diploma/tools/imt_sdk_win_64/winavr/bin/../lib/gcc/avr/4.3.3/../../../../avr/lib/avr5/crtm32.o
 *(.init2)
 *(.init3)
 *(.init3)
 *(.init4)
 .init4         0x00000060       0x16 d:/courses/imt/01- full embedded systems diploma/tools/imt_sdk_win_64/winavr/bin/../lib/gcc/avr/4.3.3/avr5\libgcc.a(_copy_data.o)
                0x00000060                __do_copy_data
 .init4         0x00000076       0x10 d:/courses/imt/01- full embedded systems diploma/tools/imt_sdk_win_64/winavr/bin/../lib/gcc/avr/4.3.3/avr5\libgcc.a(_clear_bss.o)
                0x00000076                __do_clear_bss
 *(.init4)
 *(.init5)
 *(.init5)
 *(.init6)
 *(.init6)
 *(.init7)
 *(.init7)
 *(.init8)
 *(.init8)
 *(.init9)
 .init9         0x00000086        0x8 d:/courses/imt/01- full embedded systems diploma/tools/imt_sdk_win_64/winavr/bin/../lib/gcc/avr/4.3.3/../../../../avr/lib/avr5/crtm32.o
 *(.init9)
 *(.text)
 .text          0x0000008e        0x4 d:/courses/imt/01- full embedded systems diploma/tools/imt_sdk_win_64/winavr/bin/../lib/gcc/avr/4.3.3/../../../../avr/lib/avr5/crtm32.o
                0x0000008e                __vector_12
                0x0000008e                __bad_interrupt
                0x0000008e                __vector_17
                0x0000008e                __vector_19
                0x0000008e                __vector_18
                0x0000008e                __vector_20
 .text          0x00000092        0x0 ./ADC_program.o
 .text          0x00000092        0x0 ./APP_program.o
 .text          0x00000092        0x0 ./DIO_program.o
 .text          0x00000092        0x0 ./EXTI_program.o
 .text          0x00000092        0x0 ./GIE_program.o
 .text          0x00000092        0x0 ./KPD_program.o
 .text          0x00000092        0x0 ./LCD_program.o
 .text          0x00000092        0x0 ./LDR_program.o
 .text          0x00000092        0x0 ./MATH_HELPER.o
 .text          0x00000092        0x0 ./PORT_program.o
 .text          0x00000092        0x0 ./SERVO_program.o
 .text          0x00000092        0x0 ./TIMER_program.o
 .text          0x00000092        0x0 ./ULTRASONIC_program.o
 .text          0x00000092        0x0 ./ULTSONIC_program.o
 .text          0x00000092        0x0 ./USART_program.o
 .text          0x00000092        0x0 ./main.o
 .text          0x00000092        0x0 d:/courses/imt/01- full embedded systems diploma/tools/imt_sdk_win_64/winavr/bin/../lib/gcc/avr/4.3.3/avr5\libgcc.a(_mulsi3.o)
 .text          0x00000092        0x0 d:/courses/imt/01- full embedded systems diploma/tools/imt_sdk_win_64/winavr/bin/../lib/gcc/avr/4.3.3/avr5\libgcc.a(_udivmodhi4.o)
 .text          0x00000092        0x0 d:/courses/imt/01- full embedded systems diploma/tools/imt_sdk_win_64/winavr/bin/../lib/gcc/avr/4.3.3/avr5\libgcc.a(_udivmodsi4.o)
 .text          0x00000092        0x0 d:/courses/imt/01- full embedded systems diploma/tools/imt_sdk_win_64/winavr/bin/../lib/gcc/avr/4.3.3/avr5\libgcc.a(_divmodsi4.o)
 .text          0x00000092        0x0 d:/courses/imt/01- full embedded systems diploma/tools/imt_sdk_win_64/winavr/bin/../lib/gcc/avr/4.3.3/avr5\libgcc.a(_exit.o)
 .text          0x00000092        0x0 d:/courses/imt/01- full embedded systems diploma/tools/imt_sdk_win_64/winavr/bin/../lib/gcc/avr/4.3.3/avr5\libgcc.a(_copy_data.o)
 .text          0x00000092        0x0 d:/courses/imt/01- full embedded systems diploma/tools/imt_sdk_win_64/winavr/bin/../lib/gcc/avr/4.3.3/avr5\libgcc.a(_clear_bss.o)
 .text          0x00000092       0x58 d:/courses/imt/01- full embedded systems diploma/tools/imt_sdk_win_64/winavr/bin/../lib/gcc/avr/4.3.3/avr5\libgcc.a(_fixunssfsi.o)
                0x00000092                __fixunssfsi
 .text          0x000000ea      0x354 d:/courses/imt/01- full embedded systems diploma/tools/imt_sdk_win_64/winavr/bin/../lib/gcc/avr/4.3.3/avr5\libgcc.a(_addsub_sf.o)
                0x00000382                __subsf3
                0x000003e4                __addsf3
 .text          0x0000043e      0x1f4 d:/courses/imt/01- full embedded systems diploma/tools/imt_sdk_win_64/winavr/bin/../lib/gcc/avr/4.3.3/avr5\libgcc.a(_mul_sf.o)
                0x0000043e                __mulsf3
 .text          0x00000632      0x158 d:/courses/imt/01- full embedded systems diploma/tools/imt_sdk_win_64/winavr/bin/../lib/gcc/avr/4.3.3/avr5\libgcc.a(_div_sf.o)
                0x00000632                __divsf3
 .text          0x0000078a       0x60 d:/courses/imt/01- full embedded systems diploma/tools/imt_sdk_win_64/winavr/bin/../lib/gcc/avr/4.3.3/avr5\libgcc.a(_gt_sf.o)
                0x0000078a                __gtsf2
 .text          0x000007ea       0x60 d:/courses/imt/01- full embedded systems diploma/tools/imt_sdk_win_64/winavr/bin/../lib/gcc/avr/4.3.3/avr5\libgcc.a(_ge_sf.o)
                0x000007ea                __gesf2
 .text          0x0000084a       0x60 d:/courses/imt/01- full embedded systems diploma/tools/imt_sdk_win_64/winavr/bin/../lib/gcc/avr/4.3.3/avr5\libgcc.a(_lt_sf.o)
                0x0000084a                __ltsf2
 .text          0x000008aa       0xa8 d:/courses/imt/01- full embedded systems diploma/tools/imt_sdk_win_64/winavr/bin/../lib/gcc/avr/4.3.3/avr5\libgcc.a(_sf_to_si.o)
                0x000008aa                __fixsfsi
 .text          0x00000952        0x0 d:/courses/imt/01- full embedded systems diploma/tools/imt_sdk_win_64/winavr/bin/../lib/gcc/avr/4.3.3/avr5\libgcc.a(_thenan_sf.o)
 .text          0x00000952       0xf2 d:/courses/imt/01- full embedded systems diploma/tools/imt_sdk_win_64/winavr/bin/../lib/gcc/avr/4.3.3/avr5\libgcc.a(_usi_to_sf.o)
                0x00000952                __floatunsisf
 .text          0x00000a44        0x0 d:/courses/imt/01- full embedded systems diploma/tools/imt_sdk_win_64/winavr/bin/../lib/gcc/avr/4.3.3/avr5\libgcc.a(_prologue.o)
 .text          0x00000a44        0x0 d:/courses/imt/01- full embedded systems diploma/tools/imt_sdk_win_64/winavr/bin/../lib/gcc/avr/4.3.3/avr5\libgcc.a(_epilogue.o)
 .text          0x00000a44       0x9e d:/courses/imt/01- full embedded systems diploma/tools/imt_sdk_win_64/winavr/bin/../lib/gcc/avr/4.3.3/avr5\libgcc.a(_clzsi2.o)
                0x00000a44                __clzsi2
 .text          0x00000ae2      0x1aa d:/courses/imt/01- full embedded systems diploma/tools/imt_sdk_win_64/winavr/bin/../lib/gcc/avr/4.3.3/avr5\libgcc.a(_pack_sf.o)
                0x00000ae2                __pack_f
 .text          0x00000c8c       0xf0 d:/courses/imt/01- full embedded systems diploma/tools/imt_sdk_win_64/winavr/bin/../lib/gcc/avr/4.3.3/avr5\libgcc.a(_unpack_sf.o)
                0x00000c8c                __unpack_f
 .text          0x00000d7c       0xb2 d:/courses/imt/01- full embedded systems diploma/tools/imt_sdk_win_64/winavr/bin/../lib/gcc/avr/4.3.3/avr5\libgcc.a(_fpcmp_parts_sf.o)
                0x00000d7c                __fpcmp_parts_f
 .text          0x00000e2e        0x0 d:/courses/imt/01- full embedded systems diploma/tools/imt_sdk_win_64/winavr/bin/../lib/gcc/avr/4.3.3/avr5\libgcc.a(_clz.o)
 .text          0x00000e2e        0x0 d:/courses/imt/01- full embedded systems diploma/tools/imt_sdk_win_64/winavr/bin/../lib/gcc/avr/4.3.3/../../../../avr/lib/avr5\libc.a(strtok.o)
 .text          0x00000e2e        0x0 d:/courses/imt/01- full embedded systems diploma/tools/imt_sdk_win_64/winavr/bin/../lib/gcc/avr/4.3.3/../../../../avr/lib/avr5\libc.a(strlen.o)
 .text          0x00000e2e        0x0 d:/courses/imt/01- full embedded systems diploma/tools/imt_sdk_win_64/winavr/bin/../lib/gcc/avr/4.3.3/../../../../avr/lib/avr5\libc.a(strtok_r.o)
                0x00000e2e                . = ALIGN (0x2)
 *(.text.*)
 .text.ADC_voidInit
                0x00000e2e       0x7e ./ADC_program.o
                0x00000e2e                ADC_voidInit
 .text.ADC_u8StartConversionSynch
                0x00000eac      0x104 ./ADC_program.o
                0x00000eac                ADC_u8StartConversionSynch
 .text.ADC_u8StartChainConversionSynch
                0x00000fb0       0x90 ./ADC_program.o
                0x00000fb0                ADC_u8StartChainConversionSynch
 .text.ADC_u8StartConversionAsynch
                0x00001040       0xbc ./ADC_program.o
                0x00001040                ADC_u8StartConversionAsynch
 .text.ADC_u8StartChainConversionAsynch
                0x000010fc       0xa6 ./ADC_program.o
                0x000010fc                ADC_u8StartChainConversionAsynch
 .text.__vector_16
                0x000011a2      0x164 ./ADC_program.o
                0x000011a2                __vector_16
 .text.APP_voidInit
                0x00001306       0x1e ./APP_program.o
                0x00001306                APP_voidInit
 .text.APP_voidLoginSystem
                0x00001324      0xa88 ./APP_program.o
                0x00001324                APP_voidLoginSystem
 .text.APP_u16StringtoNumber
                0x00001dac       0xe6 ./APP_program.o
                0x00001dac                APP_u16StringtoNumber
 .text.APP_u8CheckUserID
                0x00001e92       0x60 ./APP_program.o
                0x00001e92                APP_u8CheckUserID
 .text.APP_u8CheckUserPassword
                0x00001ef2       0x5a ./APP_program.o
                0x00001ef2                APP_u8CheckUserPassword
 .text.APP_voidLight_ON
                0x00001f4c       0x42 ./APP_program.o
                0x00001f4c                APP_voidLight_ON
 .text.APP_voidLight_OFF
                0x00001f8e       0x42 ./APP_program.o
                0x00001f8e                APP_voidLight_OFF
 .text.APP_voidCallingPolice
                0x00001fd0      0x200 ./APP_program.o
                0x00001fd0                APP_voidCallingPolice
 .text.APP_voidDoorOpen
                0x000021d0      0x170 ./APP_program.o
                0x000021d0                APP_voidDoorOpen
 .text.APP_voidDoorClose
                0x00002340      0x170 ./APP_program.o
                0x00002340                APP_voidDoorClose
 .text.DIO_u8SetPinDirection
                0x000024b0      0x224 ./DIO_program.o
                0x000024b0                DIO_u8SetPinDirection
 .text.DIO_u8SetPortDirection
                0x000026d4       0x90 ./DIO_program.o
                0x000026d4                DIO_u8SetPortDirection
 .text.DIO_u8SetPinValue
                0x00002764      0x224 ./DIO_program.o
                0x00002764                DIO_u8SetPinValue
 .text.DIO_u8SetPortValue
                0x00002988       0x90 ./DIO_program.o
                0x00002988                DIO_u8SetPortValue
 .text.DIO_u8GetPinValue
                0x00002a18      0x130 ./DIO_program.o
                0x00002a18                DIO_u8GetPinValue
 .text.EXTI_voidINT0Init
                0x00002b48       0x38 ./EXTI_program.o
                0x00002b48                EXTI_voidINT0Init
 .text.EXTI_voidINT1Init
                0x00002b80       0x38 ./EXTI_program.o
                0x00002b80                EXTI_voidINT1Init
 .text.EXTI_voidINT2Init
                0x00002bb8       0x2a ./EXTI_program.o
                0x00002bb8                EXTI_voidINT2Init
 .text.EXTI_u8INTSetSenseControl
                0x00002be2      0x20a ./EXTI_program.o
                0x00002be2                EXTI_u8INTSetSenseControl
 .text.EXTI_u8INTEnable
                0x00002dec       0x60 ./EXTI_program.o
                0x00002dec                EXTI_u8INTEnable
 .text.EXTI_u8INTDisable
                0x00002e4c       0x60 ./EXTI_program.o
                0x00002e4c                EXTI_u8INTDisable
 .text.EXTI_u8Int0SetCallBack
                0x00002eac       0x42 ./EXTI_program.o
                0x00002eac                EXTI_u8Int0SetCallBack
 .text.__vector_1
                0x00002eee       0x66 ./EXTI_program.o
                0x00002eee                __vector_1
 .text.EXTI_u8INT1SetCallBack
                0x00002f54       0x3a ./EXTI_program.o
                0x00002f54                EXTI_u8INT1SetCallBack
 .text.__vector_2
                0x00002f8e       0x66 ./EXTI_program.o
                0x00002f8e                __vector_2
 .text.EXTI_u8INT2SetCallBack
                0x00002ff4       0x3a ./EXTI_program.o
                0x00002ff4                EXTI_u8INT2SetCallBack
 .text.__vector_3
                0x0000302e       0x66 ./EXTI_program.o
                0x0000302e                __vector_3
 .text.GIE_voidEnable
                0x00003094       0x1c ./GIE_program.o
                0x00003094                GIE_voidEnable
 .text.GIE_voidDisable
                0x000030b0       0x1c ./GIE_program.o
                0x000030b0                GIE_voidDisable
 .text.KPD_u8GetPressedKey
                0x000030cc       0xf0 ./KPD_program.o
                0x000030cc                KPD_u8GetPressedKey
 .text.LCD_voidInit
                0x000031bc      0x11c ./LCD_program.o
                0x000031bc                LCD_voidInit
 .text.LCD_voidSendCommand
                0x000032d8      0x13c ./LCD_program.o
                0x000032d8                LCD_voidSendCommand
 .text.LCD_voidSendData
                0x00003414      0x13c ./LCD_program.o
                0x00003414                LCD_voidSendData
 .text.LCD_voidSendString
                0x00003550      0x106 ./LCD_program.o
                0x00003550                LCD_voidSendString
 .text.LCD_voidPositionSet
                0x00003656       0x3c ./LCD_program.o
                0x00003656                LCD_voidPositionSet
 .text.LCD_voidSendSpeacialCharacter
                0x00003692       0x80 ./LCD_program.o
                0x00003692                LCD_voidSendSpeacialCharacter
 .text.LCD_voidSendNumber
                0x00003712      0x1d2 ./LCD_program.o
                0x00003712                LCD_voidSendNumber
 .text.LCD_voidClearDisplay
                0x000038e4       0x14 ./LCD_program.o
                0x000038e4                LCD_voidClearDisplay
 .text.LCD_voidSendString2
                0x000038f8       0x38 ./LCD_program.o
                0x000038f8                LCD_voidSendString2
 .text.LDR_u8GetDigitalReading
                0x00003930      0x116 ./LDR_program.o
                0x00003930                LDR_u8GetDigitalReading
 .text.LDR_u8TurnedOnLEDsNumber
                0x00003a46      0x188 ./LDR_program.o
                0x00003a46                LDR_u8TurnedOnLEDsNumber
 .text.MATH_s32Map
                0x00003bce       0xf2 ./MATH_HELPER.o
                0x00003bce                MATH_s32Map
 .text.PORT_voidInit
                0x00003cc0       0x4c ./PORT_program.o
                0x00003cc0                PORT_voidInit
 .text.SERVO_u8Rotate
                0x00003d0c       0xd0 ./SERVO_program.o
                0x00003d0c                SERVO_u8Rotate
 .text.TIMER2_voidScheduleFunc
                0x00003ddc       0x9a ./TIMER_program.o
 .text.TIMER_u8SetTimerVal
                0x00003e76       0x9a ./TIMER_program.o
                0x00003e76                TIMER_u8SetTimerVal
 .text.TIMER_u8GetTimerVal
                0x00003f10       0x8e ./TIMER_program.o
                0x00003f10                TIMER_u8GetTimerVal
 .text.TIMER_u8SetCompMatch
                0x00003f9e       0xc0 ./TIMER_program.o
                0x00003f9e                TIMER_u8SetCompMatch
 .text.TIMER_u8SetIntStatus
                0x0000405e      0x21e ./TIMER_program.o
                0x0000405e                TIMER_u8SetIntStatus
 .text.TIMER0_u8Init
                0x0000427c      0x19a ./TIMER_program.o
                0x0000427c                TIMER0_u8Init
 .text.TIMER0_delay_ms
                0x00004416      0x150 ./TIMER_program.o
                0x00004416                TIMER0_delay_ms
 .text.TIMER1_u8Init
                0x00004566      0x55a ./TIMER_program.o
                0x00004566                TIMER1_u8Init
 .text.TIMER1_voidSetTopValue
                0x00004ac0       0x24 ./TIMER_program.o
                0x00004ac0                TIMER1_voidSetTopValue
 .text.TIMER1_u8HWPWMGenerate
                0x00004ae4      0x302 ./TIMER_program.o
                0x00004ae4                TIMER1_u8HWPWMGenerate
 .text.TIMER2_u8Init
                0x00004de6      0x19a ./TIMER_program.o
                0x00004de6                TIMER2_u8Init
 .text.TIMER2_u8PWMGenerate
                0x00004f80       0xe2 ./TIMER_program.o
                0x00004f80                TIMER2_u8PWMGenerate
 .text.TIMER2_delay_ms
                0x00005062      0x14c ./TIMER_program.o
                0x00005062                TIMER2_delay_ms
 .text.TIMER2_delay_us
                0x000051ae      0x152 ./TIMER_program.o
                0x000051ae                TIMER2_delay_us
 .text.TIMER2_u8Schedule
                0x00005300      0x11a ./TIMER_program.o
                0x00005300                TIMER2_u8Schedule
 .text.ICU_u8Init
                0x0000541a       0x80 ./TIMER_program.o
                0x0000541a                ICU_u8Init
 .text.ICU_u8SetEdge
                0x0000549a       0x4a ./TIMER_program.o
                0x0000549a                ICU_u8SetEdge
 .text.ICU_u16ReadInputCapture
                0x000054e4       0x16 ./TIMER_program.o
                0x000054e4                ICU_u16ReadInputCapture
 .text.TIMER_u8SetCallBack
                0x000054fa       0x4a ./TIMER_program.o
                0x000054fa                TIMER_u8SetCallBack
 .text.__vector_4
                0x00005544       0x66 ./TIMER_program.o
                0x00005544                __vector_4
 .text.__vector_5
                0x000055aa       0x66 ./TIMER_program.o
                0x000055aa                __vector_5
 .text.__vector_6
                0x00005610       0x66 ./TIMER_program.o
                0x00005610                __vector_6
 .text.__vector_7
                0x00005676       0x66 ./TIMER_program.o
                0x00005676                __vector_7
 .text.__vector_8
                0x000056dc       0x66 ./TIMER_program.o
                0x000056dc                __vector_8
 .text.__vector_9
                0x00005742       0x66 ./TIMER_program.o
                0x00005742                __vector_9
 .text.__vector_10
                0x000057a8       0x66 ./TIMER_program.o
                0x000057a8                __vector_10
 .text.__vector_11
                0x0000580e       0x66 ./TIMER_program.o
                0x0000580e                __vector_11
 .text.ULTRASONIC_u8MeasureDistance
                0x00005874      0x3b8 ./ULTRASONIC_program.o
                0x00005874                ULTRASONIC_u8MeasureDistance
 .text.ULTSONIC_voidCaptureISR
                0x00005c2c       0x5a ./ULTRASONIC_program.o
 .text.ULTSONIC_voidOvfISR
                0x00005c86       0x20 ./ULTRASONIC_program.o
 .text.ULTSONIC_u8MeasureDistance
                0x00005ca6      0x3fe ./ULTSONIC_program.o
                0x00005ca6                ULTSONIC_u8MeasureDistance
 .text.ULTSONIC_voidCaptureISR
                0x000060a4       0x5c ./ULTSONIC_program.o
 .text.ULTSONIC_voidOvfISR
                0x00006100       0x20 ./ULTSONIC_program.o
 .text.USART_voidInit
                0x00006120       0xbe ./USART_program.o
                0x00006120                USART_voidInit
 .text.USART_u8SendCharSynch
                0x000061de       0xbe ./USART_program.o
                0x000061de                USART_u8SendCharSynch
 .text.USART_u8SendCharAsynch
                0x0000629c       0x84 ./USART_program.o
                0x0000629c                USART_u8SendCharAsynch
 .text.USART_u8SendStringSynch
                0x00006320       0x6c ./USART_program.o
                0x00006320                USART_u8SendStringSynch
 .text.USART_u8SendStringAsynch
                0x0000638c       0x7e ./USART_program.o
                0x0000638c                USART_u8SendStringAsynch
 .text.USART_u8ReceiveCharSynch
                0x0000640a       0xca ./USART_program.o
                0x0000640a                USART_u8ReceiveCharSynch
 .text.USART_u8ReceiveCharAsynch
                0x000064d4       0x7e ./USART_program.o
                0x000064d4                USART_u8ReceiveCharAsynch
 .text.USART_u8ReceiveBufferSynch
                0x00006552       0x68 ./USART_program.o
                0x00006552                USART_u8ReceiveBufferSynch
 .text.USART_u8ReceiveBufferAsynch
                0x000065ba       0x88 ./USART_program.o
                0x000065ba                USART_u8ReceiveBufferAsynch
 .text.__vector_13
                0x00006642       0xf6 ./USART_program.o
                0x00006642                __vector_13
 .text.__vector_14
                0x00006738       0xe4 ./USART_program.o
                0x00006738                __vector_14
 .text.__vector_15
                0x0000681c       0x76 ./USART_program.o
                0x0000681c                __vector_15
 .text.main     0x00006892      0x680 ./main.o
                0x00006892                main
 .text.APP_voidMainMenu
                0x00006f12      0x84e ./main.o
                0x00006f12                APP_voidMainMenu
 .text.NotificationTimer0Func
                0x00007760       0x56 ./main.o
                0x00007760                NotificationTimer0Func
 .text.INT0Emergency
                0x000077b6      0x21a ./main.o
                0x000077b6                INT0Emergency
 .text.libgcc   0x000079d0       0x3e d:/courses/imt/01- full embedded systems diploma/tools/imt_sdk_win_64/winavr/bin/../lib/gcc/avr/4.3.3/avr5\libgcc.a(_mulsi3.o)
                0x000079d0                __mulsi3
 .text.libgcc   0x00007a0e       0x28 d:/courses/imt/01- full embedded systems diploma/tools/imt_sdk_win_64/winavr/bin/../lib/gcc/avr/4.3.3/avr5\libgcc.a(_udivmodhi4.o)
                0x00007a0e                __udivmodhi4
 .text.libgcc   0x00007a36       0x44 d:/courses/imt/01- full embedded systems diploma/tools/imt_sdk_win_64/winavr/bin/../lib/gcc/avr/4.3.3/avr5\libgcc.a(_udivmodsi4.o)
                0x00007a36                __udivmodsi4
 .text.libgcc   0x00007a7a       0x36 d:/courses/imt/01- full embedded systems diploma/tools/imt_sdk_win_64/winavr/bin/../lib/gcc/avr/4.3.3/avr5\libgcc.a(_divmodsi4.o)
                0x00007a7a                __divmodsi4
 .text.libgcc   0x00007ab0        0x0 d:/courses/imt/01- full embedded systems diploma/tools/imt_sdk_win_64/winavr/bin/../lib/gcc/avr/4.3.3/avr5\libgcc.a(_exit.o)
 .text.libgcc   0x00007ab0        0x0 d:/courses/imt/01- full embedded systems diploma/tools/imt_sdk_win_64/winavr/bin/../lib/gcc/avr/4.3.3/avr5\libgcc.a(_copy_data.o)
 .text.libgcc   0x00007ab0        0x0 d:/courses/imt/01- full embedded systems diploma/tools/imt_sdk_win_64/winavr/bin/../lib/gcc/avr/4.3.3/avr5\libgcc.a(_clear_bss.o)
 .text.libgcc   0x00007ab0       0x38 d:/courses/imt/01- full embedded systems diploma/tools/imt_sdk_win_64/winavr/bin/../lib/gcc/avr/4.3.3/avr5\libgcc.a(_prologue.o)
                0x00007ab0                __prologue_saves__
 .text.libgcc   0x00007ae8       0x36 d:/courses/imt/01- full embedded systems diploma/tools/imt_sdk_win_64/winavr/bin/../lib/gcc/avr/4.3.3/avr5\libgcc.a(_epilogue.o)
                0x00007ae8                __epilogue_restores__
 .text.avr-libc
                0x00007b1e        0xa d:/courses/imt/01- full embedded systems diploma/tools/imt_sdk_win_64/winavr/bin/../lib/gcc/avr/4.3.3/../../../../avr/lib/avr5\libc.a(strtok.o)
                0x00007b1e                strtok
 .text.avr-libc
                0x00007b28       0x12 d:/courses/imt/01- full embedded systems diploma/tools/imt_sdk_win_64/winavr/bin/../lib/gcc/avr/4.3.3/../../../../avr/lib/avr5\libc.a(strlen.o)
                0x00007b28                strlen
 .text.avr-libc
                0x00007b3a       0x4e d:/courses/imt/01- full embedded systems diploma/tools/imt_sdk_win_64/winavr/bin/../lib/gcc/avr/4.3.3/../../../../avr/lib/avr5\libc.a(strtok_r.o)
                0x00007b3a                strtok_r
                0x00007b88                . = ALIGN (0x2)
 *(.fini9)
 .fini9         0x00007b88        0x0 d:/courses/imt/01- full embedded systems diploma/tools/imt_sdk_win_64/winavr/bin/../lib/gcc/avr/4.3.3/avr5\libgcc.a(_exit.o)
                0x00007b88                exit
                0x00007b88                _exit
 *(.fini9)
 *(.fini8)
 *(.fini8)
 *(.fini7)
 *(.fini7)
 *(.fini6)
 *(.fini6)
 *(.fini5)
 *(.fini5)
 *(.fini4)
 *(.fini4)
 *(.fini3)
 *(.fini3)
 *(.fini2)
 *(.fini2)
 *(.fini1)
 *(.fini1)
 *(.fini0)
 .fini0         0x00007b88        0x4 d:/courses/imt/01- full embedded systems diploma/tools/imt_sdk_win_64/winavr/bin/../lib/gcc/avr/4.3.3/avr5\libgcc.a(_exit.o)
 *(.fini0)
                0x00007b8c                _etext = .

.data           0x00800060      0x2f2 load address 0x00007b8c
                0x00800060                PROVIDE (__data_start, .)
 *(.data)
 .data          0x00800060        0x0 d:/courses/imt/01- full embedded systems diploma/tools/imt_sdk_win_64/winavr/bin/../lib/gcc/avr/4.3.3/../../../../avr/lib/avr5/crtm32.o
 .data          0x00800060        0x0 ./ADC_program.o
 .data          0x00800060       0x99 ./APP_program.o
 .data          0x008000f9        0x0 ./DIO_program.o
 .data          0x008000f9        0x0 ./EXTI_program.o
 .data          0x008000f9        0x0 ./GIE_program.o
 .data          0x008000f9        0x0 ./KPD_program.o
 .data          0x008000f9        0x2 ./LCD_program.o
 .data          0x008000fb       0x16 ./LDR_program.o
 .data          0x00800111        0x0 ./MATH_HELPER.o
 .data          0x00800111        0x0 ./PORT_program.o
 .data          0x00800111        0x0 ./SERVO_program.o
 .data          0x00800111        0x0 ./TIMER_program.o
 .data          0x00800111        0x0 ./ULTRASONIC_program.o
 .data          0x00800111        0x0 ./ULTSONIC_program.o
 .data          0x00800111        0x0 ./USART_program.o
 .data          0x00800111       0xc3 ./main.o
 .data          0x008001d4        0x0 d:/courses/imt/01- full embedded systems diploma/tools/imt_sdk_win_64/winavr/bin/../lib/gcc/avr/4.3.3/avr5\libgcc.a(_mulsi3.o)
 .data          0x008001d4        0x0 d:/courses/imt/01- full embedded systems diploma/tools/imt_sdk_win_64/winavr/bin/../lib/gcc/avr/4.3.3/avr5\libgcc.a(_udivmodhi4.o)
 .data          0x008001d4        0x0 d:/courses/imt/01- full embedded systems diploma/tools/imt_sdk_win_64/winavr/bin/../lib/gcc/avr/4.3.3/avr5\libgcc.a(_udivmodsi4.o)
 .data          0x008001d4        0x0 d:/courses/imt/01- full embedded systems diploma/tools/imt_sdk_win_64/winavr/bin/../lib/gcc/avr/4.3.3/avr5\libgcc.a(_divmodsi4.o)
 .data          0x008001d4        0x0 d:/courses/imt/01- full embedded systems diploma/tools/imt_sdk_win_64/winavr/bin/../lib/gcc/avr/4.3.3/avr5\libgcc.a(_exit.o)
 .data          0x008001d4        0x0 d:/courses/imt/01- full embedded systems diploma/tools/imt_sdk_win_64/winavr/bin/../lib/gcc/avr/4.3.3/avr5\libgcc.a(_copy_data.o)
 .data          0x008001d4        0x0 d:/courses/imt/01- full embedded systems diploma/tools/imt_sdk_win_64/winavr/bin/../lib/gcc/avr/4.3.3/avr5\libgcc.a(_clear_bss.o)
 .data          0x008001d4        0x0 d:/courses/imt/01- full embedded systems diploma/tools/imt_sdk_win_64/winavr/bin/../lib/gcc/avr/4.3.3/avr5\libgcc.a(_fixunssfsi.o)
 .data          0x008001d4        0x0 d:/courses/imt/01- full embedded systems diploma/tools/imt_sdk_win_64/winavr/bin/../lib/gcc/avr/4.3.3/avr5\libgcc.a(_addsub_sf.o)
 .data          0x008001d4        0x0 d:/courses/imt/01- full embedded systems diploma/tools/imt_sdk_win_64/winavr/bin/../lib/gcc/avr/4.3.3/avr5\libgcc.a(_mul_sf.o)
 .data          0x008001d4        0x0 d:/courses/imt/01- full embedded systems diploma/tools/imt_sdk_win_64/winavr/bin/../lib/gcc/avr/4.3.3/avr5\libgcc.a(_div_sf.o)
 .data          0x008001d4        0x0 d:/courses/imt/01- full embedded systems diploma/tools/imt_sdk_win_64/winavr/bin/../lib/gcc/avr/4.3.3/avr5\libgcc.a(_gt_sf.o)
 .data          0x008001d4        0x0 d:/courses/imt/01- full embedded systems diploma/tools/imt_sdk_win_64/winavr/bin/../lib/gcc/avr/4.3.3/avr5\libgcc.a(_ge_sf.o)
 .data          0x008001d4        0x0 d:/courses/imt/01- full embedded systems diploma/tools/imt_sdk_win_64/winavr/bin/../lib/gcc/avr/4.3.3/avr5\libgcc.a(_lt_sf.o)
 .data          0x008001d4        0x0 d:/courses/imt/01- full embedded systems diploma/tools/imt_sdk_win_64/winavr/bin/../lib/gcc/avr/4.3.3/avr5\libgcc.a(_sf_to_si.o)
 .data          0x008001d4        0x8 d:/courses/imt/01- full embedded systems diploma/tools/imt_sdk_win_64/winavr/bin/../lib/gcc/avr/4.3.3/avr5\libgcc.a(_thenan_sf.o)
                0x008001d4                __thenan_sf
 .data          0x008001dc        0x0 d:/courses/imt/01- full embedded systems diploma/tools/imt_sdk_win_64/winavr/bin/../lib/gcc/avr/4.3.3/avr5\libgcc.a(_usi_to_sf.o)
 .data          0x008001dc        0x0 d:/courses/imt/01- full embedded systems diploma/tools/imt_sdk_win_64/winavr/bin/../lib/gcc/avr/4.3.3/avr5\libgcc.a(_prologue.o)
 .data          0x008001dc        0x0 d:/courses/imt/01- full embedded systems diploma/tools/imt_sdk_win_64/winavr/bin/../lib/gcc/avr/4.3.3/avr5\libgcc.a(_epilogue.o)
 .data          0x008001dc        0x0 d:/courses/imt/01- full embedded systems diploma/tools/imt_sdk_win_64/winavr/bin/../lib/gcc/avr/4.3.3/avr5\libgcc.a(_clzsi2.o)
 .data          0x008001dc        0x0 d:/courses/imt/01- full embedded systems diploma/tools/imt_sdk_win_64/winavr/bin/../lib/gcc/avr/4.3.3/avr5\libgcc.a(_pack_sf.o)
 .data          0x008001dc        0x0 d:/courses/imt/01- full embedded systems diploma/tools/imt_sdk_win_64/winavr/bin/../lib/gcc/avr/4.3.3/avr5\libgcc.a(_unpack_sf.o)
 .data          0x008001dc        0x0 d:/courses/imt/01- full embedded systems diploma/tools/imt_sdk_win_64/winavr/bin/../lib/gcc/avr/4.3.3/avr5\libgcc.a(_fpcmp_parts_sf.o)
 .data          0x008001dc      0x100 d:/courses/imt/01- full embedded systems diploma/tools/imt_sdk_win_64/winavr/bin/../lib/gcc/avr/4.3.3/avr5\libgcc.a(_clz.o)
                0x008001dc                __clz_tab
 .data          0x008002dc        0x0 d:/courses/imt/01- full embedded systems diploma/tools/imt_sdk_win_64/winavr/bin/../lib/gcc/avr/4.3.3/../../../../avr/lib/avr5\libc.a(strtok.o)
 .data          0x008002dc        0x0 d:/courses/imt/01- full embedded systems diploma/tools/imt_sdk_win_64/winavr/bin/../lib/gcc/avr/4.3.3/../../../../avr/lib/avr5\libc.a(strlen.o)
 .data          0x008002dc        0x0 d:/courses/imt/01- full embedded systems diploma/tools/imt_sdk_win_64/winavr/bin/../lib/gcc/avr/4.3.3/../../../../avr/lib/avr5\libc.a(strtok_r.o)
 *(.data*)
 .data.ADC_u8BusyState
                0x008002dc        0x1 ./ADC_program.o
 .data.APP_Users
                0x008002dd       0x28 ./APP_program.o
                0x008002dd                APP_Users
 .data.APP_UserIDInx
                0x00800305        0x1 ./APP_program.o
 .data.Main_u8ServoFlag
                0x00800306        0x1 ./APP_program.o
 .data.Main_u8ServoState
                0x00800307        0x1 ./APP_program.o
 .data.Timer1   0x00800308        0x7 ./APP_program.o
                0x00800308                Timer1
 .data.Local_u8RowPinsArr.1228
                0x0080030f        0x4 ./KPD_program.o
 .data.Local_u8ColPinsArr.1227
                0x00800313        0x4 ./KPD_program.o
 .data.Local_u8KPDArr.1226
                0x00800317       0x10 ./KPD_program.o
 .data.USART_u8State
                0x00800327        0x1 ./USART_program.o
 *(.rodata)
 *(.rodata*)
 .rodata.C.0.1456
                0x00800328        0x5 ./LDR_program.o
 .rodata.C.7.1583
                0x0080032d        0x5 ./TIMER_program.o
 .rodata.C.8.2237
                0x00800332        0x5 ./TIMER_program.o
 .rodata.C.9.2278
                0x00800337        0x5 ./TIMER_program.o
 .rodata.C.10.2318
                0x0080033c        0x5 ./TIMER_program.o
 .rodata.C.0.1383
                0x00800341        0x7 ./ULTSONIC_program.o
 .rodata.C.2.1524
                0x00800348        0x5 ./main.o
 .rodata.C.1.1523
                0x0080034d        0x5 ./main.o
 *(.gnu.linkonce.d*)
                0x00800352                . = ALIGN (0x2)
                0x00800352                _edata = .
                0x00800352                PROVIDE (__data_end, .)

.bss            0x00800352       0x5a
                0x00800352                PROVIDE (__bss_start, .)
 *(.bss)
 .bss           0x00800352        0x0 d:/courses/imt/01- full embedded systems diploma/tools/imt_sdk_win_64/winavr/bin/../lib/gcc/avr/4.3.3/../../../../avr/lib/avr5/crtm32.o
 .bss           0x00800352        0x0 ./ADC_program.o
 .bss           0x00800352        0x0 ./APP_program.o
 .bss           0x00800352        0x0 ./DIO_program.o
 .bss           0x00800352        0x0 ./EXTI_program.o
 .bss           0x00800352        0x0 ./GIE_program.o
 .bss           0x00800352        0x0 ./KPD_program.o
 .bss           0x00800352        0x0 ./LCD_program.o
 .bss           0x00800352        0x0 ./LDR_program.o
 .bss           0x00800352        0x0 ./MATH_HELPER.o
 .bss           0x00800352        0x0 ./PORT_program.o
 .bss           0x00800352        0x0 ./SERVO_program.o
 .bss           0x00800352        0x0 ./TIMER_program.o
 .bss           0x00800352        0x0 ./ULTRASONIC_program.o
 .bss           0x00800352        0x0 ./ULTSONIC_program.o
 .bss           0x00800352        0x0 ./USART_program.o
 .bss           0x00800352        0x0 ./main.o
 .bss           0x00800352        0x0 d:/courses/imt/01- full embedded systems diploma/tools/imt_sdk_win_64/winavr/bin/../lib/gcc/avr/4.3.3/avr5\libgcc.a(_mulsi3.o)
 .bss           0x00800352        0x0 d:/courses/imt/01- full embedded systems diploma/tools/imt_sdk_win_64/winavr/bin/../lib/gcc/avr/4.3.3/avr5\libgcc.a(_udivmodhi4.o)
 .bss           0x00800352        0x0 d:/courses/imt/01- full embedded systems diploma/tools/imt_sdk_win_64/winavr/bin/../lib/gcc/avr/4.3.3/avr5\libgcc.a(_udivmodsi4.o)
 .bss           0x00800352        0x0 d:/courses/imt/01- full embedded systems diploma/tools/imt_sdk_win_64/winavr/bin/../lib/gcc/avr/4.3.3/avr5\libgcc.a(_divmodsi4.o)
 .bss           0x00800352        0x0 d:/courses/imt/01- full embedded systems diploma/tools/imt_sdk_win_64/winavr/bin/../lib/gcc/avr/4.3.3/avr5\libgcc.a(_exit.o)
 .bss           0x00800352        0x0 d:/courses/imt/01- full embedded systems diploma/tools/imt_sdk_win_64/winavr/bin/../lib/gcc/avr/4.3.3/avr5\libgcc.a(_copy_data.o)
 .bss           0x00800352        0x0 d:/courses/imt/01- full embedded systems diploma/tools/imt_sdk_win_64/winavr/bin/../lib/gcc/avr/4.3.3/avr5\libgcc.a(_clear_bss.o)
 .bss           0x00800352        0x0 d:/courses/imt/01- full embedded systems diploma/tools/imt_sdk_win_64/winavr/bin/../lib/gcc/avr/4.3.3/avr5\libgcc.a(_fixunssfsi.o)
 .bss           0x00800352        0x0 d:/courses/imt/01- full embedded systems diploma/tools/imt_sdk_win_64/winavr/bin/../lib/gcc/avr/4.3.3/avr5\libgcc.a(_addsub_sf.o)
 .bss           0x00800352        0x0 d:/courses/imt/01- full embedded systems diploma/tools/imt_sdk_win_64/winavr/bin/../lib/gcc/avr/4.3.3/avr5\libgcc.a(_mul_sf.o)
 .bss           0x00800352        0x0 d:/courses/imt/01- full embedded systems diploma/tools/imt_sdk_win_64/winavr/bin/../lib/gcc/avr/4.3.3/avr5\libgcc.a(_div_sf.o)
 .bss           0x00800352        0x0 d:/courses/imt/01- full embedded systems diploma/tools/imt_sdk_win_64/winavr/bin/../lib/gcc/avr/4.3.3/avr5\libgcc.a(_gt_sf.o)
 .bss           0x00800352        0x0 d:/courses/imt/01- full embedded systems diploma/tools/imt_sdk_win_64/winavr/bin/../lib/gcc/avr/4.3.3/avr5\libgcc.a(_ge_sf.o)
 .bss           0x00800352        0x0 d:/courses/imt/01- full embedded systems diploma/tools/imt_sdk_win_64/winavr/bin/../lib/gcc/avr/4.3.3/avr5\libgcc.a(_lt_sf.o)
 .bss           0x00800352        0x0 d:/courses/imt/01- full embedded systems diploma/tools/imt_sdk_win_64/winavr/bin/../lib/gcc/avr/4.3.3/avr5\libgcc.a(_sf_to_si.o)
 .bss           0x00800352        0x0 d:/courses/imt/01- full embedded systems diploma/tools/imt_sdk_win_64/winavr/bin/../lib/gcc/avr/4.3.3/avr5\libgcc.a(_thenan_sf.o)
 .bss           0x00800352        0x0 d:/courses/imt/01- full embedded systems diploma/tools/imt_sdk_win_64/winavr/bin/../lib/gcc/avr/4.3.3/avr5\libgcc.a(_usi_to_sf.o)
 .bss           0x00800352        0x0 d:/courses/imt/01- full embedded systems diploma/tools/imt_sdk_win_64/winavr/bin/../lib/gcc/avr/4.3.3/avr5\libgcc.a(_prologue.o)
 .bss           0x00800352        0x0 d:/courses/imt/01- full embedded systems diploma/tools/imt_sdk_win_64/winavr/bin/../lib/gcc/avr/4.3.3/avr5\libgcc.a(_epilogue.o)
 .bss           0x00800352        0x0 d:/courses/imt/01- full embedded systems diploma/tools/imt_sdk_win_64/winavr/bin/../lib/gcc/avr/4.3.3/avr5\libgcc.a(_clzsi2.o)
 .bss           0x00800352        0x0 d:/courses/imt/01- full embedded systems diploma/tools/imt_sdk_win_64/winavr/bin/../lib/gcc/avr/4.3.3/avr5\libgcc.a(_pack_sf.o)
 .bss           0x00800352        0x0 d:/courses/imt/01- full embedded systems diploma/tools/imt_sdk_win_64/winavr/bin/../lib/gcc/avr/4.3.3/avr5\libgcc.a(_unpack_sf.o)
 .bss           0x00800352        0x0 d:/courses/imt/01- full embedded systems diploma/tools/imt_sdk_win_64/winavr/bin/../lib/gcc/avr/4.3.3/avr5\libgcc.a(_fpcmp_parts_sf.o)
 .bss           0x00800352        0x0 d:/courses/imt/01- full embedded systems diploma/tools/imt_sdk_win_64/winavr/bin/../lib/gcc/avr/4.3.3/avr5\libgcc.a(_clz.o)
 .bss           0x00800352        0x2 d:/courses/imt/01- full embedded systems diploma/tools/imt_sdk_win_64/winavr/bin/../lib/gcc/avr/4.3.3/../../../../avr/lib/avr5\libc.a(strtok.o)
 .bss           0x00800354        0x0 d:/courses/imt/01- full embedded systems diploma/tools/imt_sdk_win_64/winavr/bin/../lib/gcc/avr/4.3.3/../../../../avr/lib/avr5\libc.a(strlen.o)
 .bss           0x00800354        0x0 d:/courses/imt/01- full embedded systems diploma/tools/imt_sdk_win_64/winavr/bin/../lib/gcc/avr/4.3.3/../../../../avr/lib/avr5\libc.a(strtok_r.o)
 *(.bss*)
 .bss.ADC_pu16Reading
                0x00800354        0x2 ./ADC_program.o
 .bss.ADC_pvCallBackNotificationFunc
                0x00800356        0x2 ./ADC_program.o
 .bss.ADC_psChain
                0x00800358        0x2 ./ADC_program.o
 .bss.ADC_u8ChainIndex
                0x0080035a        0x1 ./ADC_program.o
 .bss.ADC_u8ConversionState
                0x0080035b        0x1 ./ADC_program.o
 .bss.EXTI_pvINT0Func
                0x0080035c        0x2 ./EXTI_program.o
                0x0080035c                EXTI_pvINT0Func
 .bss.EXTI_pvINT1Func
                0x0080035e        0x2 ./EXTI_program.o
                0x0080035e                EXTI_pvINT1Func
 .bss.EXTI_pvINT2Func
                0x00800360        0x2 ./EXTI_program.o
                0x00800360                EXTI_pvINT2Func
 .bss.TIMERS_pvCallBackFunc
                0x00800362       0x10 ./TIMER_program.o
 .bss.TIMER2_pvScheduleFunc
                0x00800372        0x2 ./TIMER_program.o
 .bss.Local_u32Counter.1270
                0x00800374        0x4 ./TIMER_program.o
 .bss.TIMER_u32ScheduleCompMatchCount
                0x00800378        0x4 ./TIMER_program.o
 .bss.TIMER_u8ScheduleRepeatability
                0x0080037c        0x1 ./TIMER_program.o
 .bss.ULTSONIC_u16Capture1Reading
                0x0080037d        0x2 ./ULTRASONIC_program.o
 .bss.ULTSONIC_u16Capture2Reading
                0x0080037f        0x2 ./ULTRASONIC_program.o
 .bss.ULTSONIC_u16OvfCounter
                0x00800381        0x2 ./ULTRASONIC_program.o
 .bss.ULTSONIC_u16EchoOvfCounter
                0x00800383        0x2 ./ULTRASONIC_program.o
 .bss.Local_u8Counter.1458
                0x00800385        0x1 ./ULTRASONIC_program.o
 .bss.ULTSONIC_u16Capture1
                0x00800386        0x2 ./ULTSONIC_program.o
 .bss.ULTSONIC_u16Capture2
                0x00800388        0x2 ./ULTSONIC_program.o
 .bss.ULTSONIC_u16OvfCounter
                0x0080038a        0x2 ./ULTSONIC_program.o
 .bss.ULTSONIC_u16EchoOvfCounter
                0x0080038c        0x2 ./ULTSONIC_program.o
 .bss.Local_u8Counter.1450
                0x0080038e        0x1 ./ULTSONIC_program.o
 .bss.Local_u8Counter.1470
                0x0080038f        0x1 ./USART_program.o
 .bss.Local_u8Counter.1531
                0x00800390        0x1 ./USART_program.o
 .bss.USART_u8TransmissionState
                0x00800391        0x1 ./USART_program.o
 .bss.USART_u16TransmittedData
                0x00800392        0x2 ./USART_program.o
 .bss.USART_pchTransmittedString
                0x00800394        0x2 ./USART_program.o
 .bss.USART_pu16ReceivedData
                0x00800396        0x2 ./USART_program.o
 .bss.USART_pu8ReceivedBuffer
                0x00800398        0x2 ./USART_program.o
 .bss.USART_u8ReceivedBufferSize
                0x0080039a        0x1 ./USART_program.o
 .bss.TXC_pvNotifFunc
                0x0080039b        0x2 ./USART_program.o
 .bss.RXC_pvNotifFunc
                0x0080039d        0x2 ./USART_program.o
 .bss.UDRE_pvNotifFunc
                0x0080039f        0x2 ./USART_program.o
 .bss.Main_u8LDRFlag
                0x008003a1        0x1 ./main.o
 .bss.Main_u8ControlFan
                0x008003a2        0x1 ./main.o
 .bss.Main_u8AlarmFlag
                0x008003a3        0x1 ./main.o
 .bss.Main_u8FanFlag
                0x008003a4        0x1 ./main.o
 .bss.Main_u8FanState
                0x008003a5        0x1 ./main.o
 .bss.Local_u8Counter.1685
                0x008003a6        0x1 ./main.o
 .bss.ReceivedData
                0x008003a7        0x2 ./main.o
 .bss.Main_u8MotorSpeed
                0x008003a9        0x1 ./main.o
 .bss.Local_u8Counter
                0x008003aa        0x1 ./main.o
 *(COMMON)
 COMMON         0x008003ab        0x1 ./APP_program.o
                0x008003ab                Local_u8Counter
                0x008003ac                PROVIDE (__bss_end, .)
                0x00007b8c                __data_load_start = LOADADDR (.data)
                0x00007e7e                __data_load_end = (__data_load_start + SIZEOF (.data))

.noinit         0x008003ac        0x0
                0x008003ac                PROVIDE (__noinit_start, .)
 *(.noinit*)
                0x008003ac                PROVIDE (__noinit_end, .)
                0x008003ac                _end = .
                0x008003ac                PROVIDE (__heap_start, .)

.eeprom         0x00810000        0x0
 *(.eeprom*)
                0x00810000                __eeprom_end = .

.fuse
 *(.fuse)
 *(.lfuse)
 *(.hfuse)
 *(.efuse)

.lock
 *(.lock*)

.signature
 *(.signature*)

.stab           0x00000000     0x8034
 *(.stab)
 .stab          0x00000000      0x774 ./ADC_program.o
 .stab          0x00000774     0x1374 ./APP_program.o
                               0x141c (size before relaxing)
 .stab          0x00001ae8      0x5f4 ./DIO_program.o
                                0x69c (size before relaxing)
 .stab          0x000020dc      0x78c ./EXTI_program.o
                                0x810 (size before relaxing)
 .stab          0x00002868      0x144 ./GIE_program.o
                                0x1c8 (size before relaxing)
 .stab          0x000029ac      0x24c ./KPD_program.o
                                0x2f4 (size before relaxing)
 .stab          0x00002bf8      0x9a8 ./LCD_program.o
                                0xbe8 (size before relaxing)
 .stab          0x000035a0      0x3d8 ./LDR_program.o
                                0x678 (size before relaxing)
 .stab          0x00003978      0x180 ./MATH_HELPER.o
                                0x204 (size before relaxing)
 .stab          0x00003af8      0x168 ./PORT_program.o
                                0x1ec (size before relaxing)
 .stab          0x00003c60      0x1b0 ./SERVO_program.o
                                0x270 (size before relaxing)
 .stab          0x00003e10     0x1b3c ./TIMER_program.o
                               0x1bfc (size before relaxing)
 .stab          0x0000594c      0x528 ./ULTRASONIC_program.o
                                0x798 (size before relaxing)
 .stab          0x00005e74      0x528 ./ULTSONIC_program.o
                                0x7b0 (size before relaxing)
 .stab          0x0000639c      0xc30 ./USART_program.o
                                0xcb4 (size before relaxing)
 .stab          0x00006fcc     0x1068 ./main.o
                               0x1314 (size before relaxing)

.stabstr        0x00000000     0x2a16
 *(.stabstr)
 .stabstr       0x00000000     0x2a16 ./ADC_program.o

.stab.excl
 *(.stab.excl)

.stab.exclstr
 *(.stab.exclstr)

.stab.index
 *(.stab.index)

.stab.indexstr
 *(.stab.indexstr)

.comment
 *(.comment)

.debug
 *(.debug)

.line
 *(.line)

.debug_srcinfo
 *(.debug_srcinfo)

.debug_sfnames
 *(.debug_sfnames)

.debug_aranges  0x00000000      0x1a0
 *(.debug_aranges)
 .debug_aranges
                0x00000000       0x20 d:/courses/imt/01- full embedded systems diploma/tools/imt_sdk_win_64/winavr/bin/../lib/gcc/avr/4.3.3/avr5\libgcc.a(_fixunssfsi.o)
 .debug_aranges
                0x00000020       0x20 d:/courses/imt/01- full embedded systems diploma/tools/imt_sdk_win_64/winavr/bin/../lib/gcc/avr/4.3.3/avr5\libgcc.a(_addsub_sf.o)
 .debug_aranges
                0x00000040       0x20 d:/courses/imt/01- full embedded systems diploma/tools/imt_sdk_win_64/winavr/bin/../lib/gcc/avr/4.3.3/avr5\libgcc.a(_mul_sf.o)
 .debug_aranges
                0x00000060       0x20 d:/courses/imt/01- full embedded systems diploma/tools/imt_sdk_win_64/winavr/bin/../lib/gcc/avr/4.3.3/avr5\libgcc.a(_div_sf.o)
 .debug_aranges
                0x00000080       0x20 d:/courses/imt/01- full embedded systems diploma/tools/imt_sdk_win_64/winavr/bin/../lib/gcc/avr/4.3.3/avr5\libgcc.a(_gt_sf.o)
 .debug_aranges
                0x000000a0       0x20 d:/courses/imt/01- full embedded systems diploma/tools/imt_sdk_win_64/winavr/bin/../lib/gcc/avr/4.3.3/avr5\libgcc.a(_ge_sf.o)
 .debug_aranges
                0x000000c0       0x20 d:/courses/imt/01- full embedded systems diploma/tools/imt_sdk_win_64/winavr/bin/../lib/gcc/avr/4.3.3/avr5\libgcc.a(_lt_sf.o)
 .debug_aranges
                0x000000e0       0x20 d:/courses/imt/01- full embedded systems diploma/tools/imt_sdk_win_64/winavr/bin/../lib/gcc/avr/4.3.3/avr5\libgcc.a(_sf_to_si.o)
 .debug_aranges
                0x00000100       0x20 d:/courses/imt/01- full embedded systems diploma/tools/imt_sdk_win_64/winavr/bin/../lib/gcc/avr/4.3.3/avr5\libgcc.a(_usi_to_sf.o)
 .debug_aranges
                0x00000120       0x20 d:/courses/imt/01- full embedded systems diploma/tools/imt_sdk_win_64/winavr/bin/../lib/gcc/avr/4.3.3/avr5\libgcc.a(_clzsi2.o)
 .debug_aranges
                0x00000140       0x20 d:/courses/imt/01- full embedded systems diploma/tools/imt_sdk_win_64/winavr/bin/../lib/gcc/avr/4.3.3/avr5\libgcc.a(_pack_sf.o)
 .debug_aranges
                0x00000160       0x20 d:/courses/imt/01- full embedded systems diploma/tools/imt_sdk_win_64/winavr/bin/../lib/gcc/avr/4.3.3/avr5\libgcc.a(_unpack_sf.o)
 .debug_aranges
                0x00000180       0x20 d:/courses/imt/01- full embedded systems diploma/tools/imt_sdk_win_64/winavr/bin/../lib/gcc/avr/4.3.3/avr5\libgcc.a(_fpcmp_parts_sf.o)

.debug_pubnames
                0x00000000      0x1f2
 *(.debug_pubnames)
 .debug_pubnames
                0x00000000       0x23 d:/courses/imt/01- full embedded systems diploma/tools/imt_sdk_win_64/winavr/bin/../lib/gcc/avr/4.3.3/avr5\libgcc.a(_fixunssfsi.o)
 .debug_pubnames
                0x00000023       0x2c d:/courses/imt/01- full embedded systems diploma/tools/imt_sdk_win_64/winavr/bin/../lib/gcc/avr/4.3.3/avr5\libgcc.a(_addsub_sf.o)
 .debug_pubnames
                0x0000004f       0x1f d:/courses/imt/01- full embedded systems diploma/tools/imt_sdk_win_64/winavr/bin/../lib/gcc/avr/4.3.3/avr5\libgcc.a(_mul_sf.o)
 .debug_pubnames
                0x0000006e       0x1f d:/courses/imt/01- full embedded systems diploma/tools/imt_sdk_win_64/winavr/bin/../lib/gcc/avr/4.3.3/avr5\libgcc.a(_div_sf.o)
 .debug_pubnames
                0x0000008d       0x1e d:/courses/imt/01- full embedded systems diploma/tools/imt_sdk_win_64/winavr/bin/../lib/gcc/avr/4.3.3/avr5\libgcc.a(_gt_sf.o)
 .debug_pubnames
                0x000000ab       0x1e d:/courses/imt/01- full embedded systems diploma/tools/imt_sdk_win_64/winavr/bin/../lib/gcc/avr/4.3.3/avr5\libgcc.a(_ge_sf.o)
 .debug_pubnames
                0x000000c9       0x1e d:/courses/imt/01- full embedded systems diploma/tools/imt_sdk_win_64/winavr/bin/../lib/gcc/avr/4.3.3/avr5\libgcc.a(_lt_sf.o)
 .debug_pubnames
                0x000000e7       0x20 d:/courses/imt/01- full embedded systems diploma/tools/imt_sdk_win_64/winavr/bin/../lib/gcc/avr/4.3.3/avr5\libgcc.a(_sf_to_si.o)
 .debug_pubnames
                0x00000107       0x22 d:/courses/imt/01- full embedded systems diploma/tools/imt_sdk_win_64/winavr/bin/../lib/gcc/avr/4.3.3/avr5\libgcc.a(_thenan_sf.o)
 .debug_pubnames
                0x00000129       0x24 d:/courses/imt/01- full embedded systems diploma/tools/imt_sdk_win_64/winavr/bin/../lib/gcc/avr/4.3.3/avr5\libgcc.a(_usi_to_sf.o)
 .debug_pubnames
                0x0000014d       0x1f d:/courses/imt/01- full embedded systems diploma/tools/imt_sdk_win_64/winavr/bin/../lib/gcc/avr/4.3.3/avr5\libgcc.a(_clzsi2.o)
 .debug_pubnames
                0x0000016c       0x1f d:/courses/imt/01- full embedded systems diploma/tools/imt_sdk_win_64/winavr/bin/../lib/gcc/avr/4.3.3/avr5\libgcc.a(_pack_sf.o)
 .debug_pubnames
                0x0000018b       0x21 d:/courses/imt/01- full embedded systems diploma/tools/imt_sdk_win_64/winavr/bin/../lib/gcc/avr/4.3.3/avr5\libgcc.a(_unpack_sf.o)
 .debug_pubnames
                0x000001ac       0x26 d:/courses/imt/01- full embedded systems diploma/tools/imt_sdk_win_64/winavr/bin/../lib/gcc/avr/4.3.3/avr5\libgcc.a(_fpcmp_parts_sf.o)
 .debug_pubnames
                0x000001d2       0x20 d:/courses/imt/01- full embedded systems diploma/tools/imt_sdk_win_64/winavr/bin/../lib/gcc/avr/4.3.3/avr5\libgcc.a(_clz.o)

.debug_info     0x00000000     0x240b
 *(.debug_info)
 .debug_info    0x00000000       0xb1 d:/courses/imt/01- full embedded systems diploma/tools/imt_sdk_win_64/winavr/bin/../lib/gcc/avr/4.3.3/avr5\libgcc.a(_fixunssfsi.o)
 .debug_info    0x000000b1      0x47a d:/courses/imt/01- full embedded systems diploma/tools/imt_sdk_win_64/winavr/bin/../lib/gcc/avr/4.3.3/avr5\libgcc.a(_addsub_sf.o)
 .debug_info    0x0000052b      0x485 d:/courses/imt/01- full embedded systems diploma/tools/imt_sdk_win_64/winavr/bin/../lib/gcc/avr/4.3.3/avr5\libgcc.a(_mul_sf.o)
 .debug_info    0x000009b0      0x3fc d:/courses/imt/01- full embedded systems diploma/tools/imt_sdk_win_64/winavr/bin/../lib/gcc/avr/4.3.3/avr5\libgcc.a(_div_sf.o)
 .debug_info    0x00000dac      0x27f d:/courses/imt/01- full embedded systems diploma/tools/imt_sdk_win_64/winavr/bin/../lib/gcc/avr/4.3.3/avr5\libgcc.a(_gt_sf.o)
 .debug_info    0x0000102b      0x27f d:/courses/imt/01- full embedded systems diploma/tools/imt_sdk_win_64/winavr/bin/../lib/gcc/avr/4.3.3/avr5\libgcc.a(_ge_sf.o)
 .debug_info    0x000012aa      0x27f d:/courses/imt/01- full embedded systems diploma/tools/imt_sdk_win_64/winavr/bin/../lib/gcc/avr/4.3.3/avr5\libgcc.a(_lt_sf.o)
 .debug_info    0x00001529      0x2b0 d:/courses/imt/01- full embedded systems diploma/tools/imt_sdk_win_64/winavr/bin/../lib/gcc/avr/4.3.3/avr5\libgcc.a(_sf_to_si.o)
 .debug_info    0x000017d9      0x12c d:/courses/imt/01- full embedded systems diploma/tools/imt_sdk_win_64/winavr/bin/../lib/gcc/avr/4.3.3/avr5\libgcc.a(_thenan_sf.o)
 .debug_info    0x00001905      0x206 d:/courses/imt/01- full embedded systems diploma/tools/imt_sdk_win_64/winavr/bin/../lib/gcc/avr/4.3.3/avr5\libgcc.a(_usi_to_sf.o)
 .debug_info    0x00001b0b      0x117 d:/courses/imt/01- full embedded systems diploma/tools/imt_sdk_win_64/winavr/bin/../lib/gcc/avr/4.3.3/avr5\libgcc.a(_clzsi2.o)
 .debug_info    0x00001c22      0x2df d:/courses/imt/01- full embedded systems diploma/tools/imt_sdk_win_64/winavr/bin/../lib/gcc/avr/4.3.3/avr5\libgcc.a(_pack_sf.o)
 .debug_info    0x00001f01      0x251 d:/courses/imt/01- full embedded systems diploma/tools/imt_sdk_win_64/winavr/bin/../lib/gcc/avr/4.3.3/avr5\libgcc.a(_unpack_sf.o)
 .debug_info    0x00002152      0x210 d:/courses/imt/01- full embedded systems diploma/tools/imt_sdk_win_64/winavr/bin/../lib/gcc/avr/4.3.3/avr5\libgcc.a(_fpcmp_parts_sf.o)
 .debug_info    0x00002362       0xa9 d:/courses/imt/01- full embedded systems diploma/tools/imt_sdk_win_64/winavr/bin/../lib/gcc/avr/4.3.3/avr5\libgcc.a(_clz.o)
 *(.gnu.linkonce.wi.*)

.debug_abbrev   0x00000000     0x1386
 *(.debug_abbrev)
 .debug_abbrev  0x00000000       0x5d d:/courses/imt/01- full embedded systems diploma/tools/imt_sdk_win_64/winavr/bin/../lib/gcc/avr/4.3.3/avr5\libgcc.a(_fixunssfsi.o)
 .debug_abbrev  0x0000005d      0x1ea d:/courses/imt/01- full embedded systems diploma/tools/imt_sdk_win_64/winavr/bin/../lib/gcc/avr/4.3.3/avr5\libgcc.a(_addsub_sf.o)
 .debug_abbrev  0x00000247      0x21b d:/courses/imt/01- full embedded systems diploma/tools/imt_sdk_win_64/winavr/bin/../lib/gcc/avr/4.3.3/avr5\libgcc.a(_mul_sf.o)
 .debug_abbrev  0x00000462      0x216 d:/courses/imt/01- full embedded systems diploma/tools/imt_sdk_win_64/winavr/bin/../lib/gcc/avr/4.3.3/avr5\libgcc.a(_div_sf.o)
 .debug_abbrev  0x00000678      0x15a d:/courses/imt/01- full embedded systems diploma/tools/imt_sdk_win_64/winavr/bin/../lib/gcc/avr/4.3.3/avr5\libgcc.a(_gt_sf.o)
 .debug_abbrev  0x000007d2      0x15a d:/courses/imt/01- full embedded systems diploma/tools/imt_sdk_win_64/winavr/bin/../lib/gcc/avr/4.3.3/avr5\libgcc.a(_ge_sf.o)
 .debug_abbrev  0x0000092c      0x15a d:/courses/imt/01- full embedded systems diploma/tools/imt_sdk_win_64/winavr/bin/../lib/gcc/avr/4.3.3/avr5\libgcc.a(_lt_sf.o)
 .debug_abbrev  0x00000a86      0x17f d:/courses/imt/01- full embedded systems diploma/tools/imt_sdk_win_64/winavr/bin/../lib/gcc/avr/4.3.3/avr5\libgcc.a(_sf_to_si.o)
 .debug_abbrev  0x00000c05       0xad d:/courses/imt/01- full embedded systems diploma/tools/imt_sdk_win_64/winavr/bin/../lib/gcc/avr/4.3.3/avr5\libgcc.a(_thenan_sf.o)
 .debug_abbrev  0x00000cb2      0x157 d:/courses/imt/01- full embedded systems diploma/tools/imt_sdk_win_64/winavr/bin/../lib/gcc/avr/4.3.3/avr5\libgcc.a(_usi_to_sf.o)
 .debug_abbrev  0x00000e09       0xc4 d:/courses/imt/01- full embedded systems diploma/tools/imt_sdk_win_64/winavr/bin/../lib/gcc/avr/4.3.3/avr5\libgcc.a(_clzsi2.o)
 .debug_abbrev  0x00000ecd      0x1c0 d:/courses/imt/01- full embedded systems diploma/tools/imt_sdk_win_64/winavr/bin/../lib/gcc/avr/4.3.3/avr5\libgcc.a(_pack_sf.o)
 .debug_abbrev  0x0000108d      0x154 d:/courses/imt/01- full embedded systems diploma/tools/imt_sdk_win_64/winavr/bin/../lib/gcc/avr/4.3.3/avr5\libgcc.a(_unpack_sf.o)
 .debug_abbrev  0x000011e1      0x13b d:/courses/imt/01- full embedded systems diploma/tools/imt_sdk_win_64/winavr/bin/../lib/gcc/avr/4.3.3/avr5\libgcc.a(_fpcmp_parts_sf.o)
 .debug_abbrev  0x0000131c       0x6a d:/courses/imt/01- full embedded systems diploma/tools/imt_sdk_win_64/winavr/bin/../lib/gcc/avr/4.3.3/avr5\libgcc.a(_clz.o)

.debug_line     0x00000000     0x11d6
 *(.debug_line)
 .debug_line    0x00000000       0xa7 d:/courses/imt/01- full embedded systems diploma/tools/imt_sdk_win_64/winavr/bin/../lib/gcc/avr/4.3.3/avr5\libgcc.a(_fixunssfsi.o)
 .debug_line    0x000000a7      0x2af d:/courses/imt/01- full embedded systems diploma/tools/imt_sdk_win_64/winavr/bin/../lib/gcc/avr/4.3.3/avr5\libgcc.a(_addsub_sf.o)
 .debug_line    0x00000356      0x239 d:/courses/imt/01- full embedded systems diploma/tools/imt_sdk_win_64/winavr/bin/../lib/gcc/avr/4.3.3/avr5\libgcc.a(_mul_sf.o)
 .debug_line    0x0000058f      0x1d5 d:/courses/imt/01- full embedded systems diploma/tools/imt_sdk_win_64/winavr/bin/../lib/gcc/avr/4.3.3/avr5\libgcc.a(_div_sf.o)
 .debug_line    0x00000764       0xd3 d:/courses/imt/01- full embedded systems diploma/tools/imt_sdk_win_64/winavr/bin/../lib/gcc/avr/4.3.3/avr5\libgcc.a(_gt_sf.o)
 .debug_line    0x00000837       0xd3 d:/courses/imt/01- full embedded systems diploma/tools/imt_sdk_win_64/winavr/bin/../lib/gcc/avr/4.3.3/avr5\libgcc.a(_ge_sf.o)
 .debug_line    0x0000090a       0xd3 d:/courses/imt/01- full embedded systems diploma/tools/imt_sdk_win_64/winavr/bin/../lib/gcc/avr/4.3.3/avr5\libgcc.a(_lt_sf.o)
 .debug_line    0x000009dd      0x109 d:/courses/imt/01- full embedded systems diploma/tools/imt_sdk_win_64/winavr/bin/../lib/gcc/avr/4.3.3/avr5\libgcc.a(_sf_to_si.o)
 .debug_line    0x00000ae6       0x90 d:/courses/imt/01- full embedded systems diploma/tools/imt_sdk_win_64/winavr/bin/../lib/gcc/avr/4.3.3/avr5\libgcc.a(_thenan_sf.o)
 .debug_line    0x00000b76      0x133 d:/courses/imt/01- full embedded systems diploma/tools/imt_sdk_win_64/winavr/bin/../lib/gcc/avr/4.3.3/avr5\libgcc.a(_usi_to_sf.o)
 .debug_line    0x00000ca9       0xa5 d:/courses/imt/01- full embedded systems diploma/tools/imt_sdk_win_64/winavr/bin/../lib/gcc/avr/4.3.3/avr5\libgcc.a(_clzsi2.o)
 .debug_line    0x00000d4e      0x18a d:/courses/imt/01- full embedded systems diploma/tools/imt_sdk_win_64/winavr/bin/../lib/gcc/avr/4.3.3/avr5\libgcc.a(_pack_sf.o)
 .debug_line    0x00000ed8      0x14b d:/courses/imt/01- full embedded systems diploma/tools/imt_sdk_win_64/winavr/bin/../lib/gcc/avr/4.3.3/avr5\libgcc.a(_unpack_sf.o)
 .debug_line    0x00001023      0x137 d:/courses/imt/01- full embedded systems diploma/tools/imt_sdk_win_64/winavr/bin/../lib/gcc/avr/4.3.3/avr5\libgcc.a(_fpcmp_parts_sf.o)
 .debug_line    0x0000115a       0x7c d:/courses/imt/01- full embedded systems diploma/tools/imt_sdk_win_64/winavr/bin/../lib/gcc/avr/4.3.3/avr5\libgcc.a(_clz.o)

.debug_frame    0x00000000      0x1c0
 *(.debug_frame)
 .debug_frame   0x00000000       0x20 d:/courses/imt/01- full embedded systems diploma/tools/imt_sdk_win_64/winavr/bin/../lib/gcc/avr/4.3.3/avr5\libgcc.a(_fixunssfsi.o)
 .debug_frame   0x00000020       0x40 d:/courses/imt/01- full embedded systems diploma/tools/imt_sdk_win_64/winavr/bin/../lib/gcc/avr/4.3.3/avr5\libgcc.a(_addsub_sf.o)
 .debug_frame   0x00000060       0x20 d:/courses/imt/01- full embedded systems diploma/tools/imt_sdk_win_64/winavr/bin/../lib/gcc/avr/4.3.3/avr5\libgcc.a(_mul_sf.o)
 .debug_frame   0x00000080       0x20 d:/courses/imt/01- full embedded systems diploma/tools/imt_sdk_win_64/winavr/bin/../lib/gcc/avr/4.3.3/avr5\libgcc.a(_div_sf.o)
 .debug_frame   0x000000a0       0x20 d:/courses/imt/01- full embedded systems diploma/tools/imt_sdk_win_64/winavr/bin/../lib/gcc/avr/4.3.3/avr5\libgcc.a(_gt_sf.o)
 .debug_frame   0x000000c0       0x20 d:/courses/imt/01- full embedded systems diploma/tools/imt_sdk_win_64/winavr/bin/../lib/gcc/avr/4.3.3/avr5\libgcc.a(_ge_sf.o)
 .debug_frame   0x000000e0       0x20 d:/courses/imt/01- full embedded systems diploma/tools/imt_sdk_win_64/winavr/bin/../lib/gcc/avr/4.3.3/avr5\libgcc.a(_lt_sf.o)
 .debug_frame   0x00000100       0x20 d:/courses/imt/01- full embedded systems diploma/tools/imt_sdk_win_64/winavr/bin/../lib/gcc/avr/4.3.3/avr5\libgcc.a(_sf_to_si.o)
 .debug_frame   0x00000120       0x20 d:/courses/imt/01- full embedded systems diploma/tools/imt_sdk_win_64/winavr/bin/../lib/gcc/avr/4.3.3/avr5\libgcc.a(_usi_to_sf.o)
 .debug_frame   0x00000140       0x20 d:/courses/imt/01- full embedded systems diploma/tools/imt_sdk_win_64/winavr/bin/../lib/gcc/avr/4.3.3/avr5\libgcc.a(_clzsi2.o)
 .debug_frame   0x00000160       0x20 d:/courses/imt/01- full embedded systems diploma/tools/imt_sdk_win_64/winavr/bin/../lib/gcc/avr/4.3.3/avr5\libgcc.a(_pack_sf.o)
 .debug_frame   0x00000180       0x20 d:/courses/imt/01- full embedded systems diploma/tools/imt_sdk_win_64/winavr/bin/../lib/gcc/avr/4.3.3/avr5\libgcc.a(_unpack_sf.o)
 .debug_frame   0x000001a0       0x20 d:/courses/imt/01- full embedded systems diploma/tools/imt_sdk_win_64/winavr/bin/../lib/gcc/avr/4.3.3/avr5\libgcc.a(_fpcmp_parts_sf.o)

.debug_str      0x00000000      0x2f6
 *(.debug_str)
 .debug_str     0x00000000       0xbf d:/courses/imt/01- full embedded systems diploma/tools/imt_sdk_win_64/winavr/bin/../lib/gcc/avr/4.3.3/avr5\libgcc.a(_fixunssfsi.o)
                                 0xfe (size before relaxing)
 .debug_str     0x000000bf      0x14d d:/courses/imt/01- full embedded systems diploma/tools/imt_sdk_win_64/winavr/bin/../lib/gcc/avr/4.3.3/avr5\libgcc.a(_addsub_sf.o)
                                0x206 (size before relaxing)
 .debug_str     0x0000020c       0x27 d:/courses/imt/01- full embedded systems diploma/tools/imt_sdk_win_64/winavr/bin/../lib/gcc/avr/4.3.3/avr5\libgcc.a(_mul_sf.o)
                                0x1bf (size before relaxing)
 .debug_str     0x00000233       0x35 d:/courses/imt/01- full embedded systems diploma/tools/imt_sdk_win_64/winavr/bin/../lib/gcc/avr/4.3.3/avr5\libgcc.a(_div_sf.o)
                                0x1c8 (size before relaxing)
 .debug_str     0x00000268        0x8 d:/courses/imt/01- full embedded systems diploma/tools/imt_sdk_win_64/winavr/bin/../lib/gcc/avr/4.3.3/avr5\libgcc.a(_gt_sf.o)
                                0x195 (size before relaxing)
 .debug_str     0x00000270        0x8 d:/courses/imt/01- full embedded systems diploma/tools/imt_sdk_win_64/winavr/bin/../lib/gcc/avr/4.3.3/avr5\libgcc.a(_ge_sf.o)
                                0x195 (size before relaxing)
 .debug_str     0x00000278        0x8 d:/courses/imt/01- full embedded systems diploma/tools/imt_sdk_win_64/winavr/bin/../lib/gcc/avr/4.3.3/avr5\libgcc.a(_lt_sf.o)
                                0x195 (size before relaxing)
 .debug_str     0x00000280        0xa d:/courses/imt/01- full embedded systems diploma/tools/imt_sdk_win_64/winavr/bin/../lib/gcc/avr/4.3.3/avr5\libgcc.a(_sf_to_si.o)
                                0x19e (size before relaxing)
 .debug_str     0x00000000      0x103 d:/courses/imt/01- full embedded systems diploma/tools/imt_sdk_win_64/winavr/bin/../lib/gcc/avr/4.3.3/avr5\libgcc.a(_thenan_sf.o)
 .debug_str     0x0000028a       0x21 d:/courses/imt/01- full embedded systems diploma/tools/imt_sdk_win_64/winavr/bin/../lib/gcc/avr/4.3.3/avr5\libgcc.a(_usi_to_sf.o)
                                0x177 (size before relaxing)
 .debug_str     0x000002ab       0x20 d:/courses/imt/01- full embedded systems diploma/tools/imt_sdk_win_64/winavr/bin/../lib/gcc/avr/4.3.3/avr5\libgcc.a(_clzsi2.o)
                                0x111 (size before relaxing)
 .debug_str     0x000002cb       0x10 d:/courses/imt/01- full embedded systems diploma/tools/imt_sdk_win_64/winavr/bin/../lib/gcc/avr/4.3.3/avr5\libgcc.a(_pack_sf.o)
                                0x19d (size before relaxing)
 .debug_str     0x000002db        0xb d:/courses/imt/01- full embedded systems diploma/tools/imt_sdk_win_64/winavr/bin/../lib/gcc/avr/4.3.3/avr5\libgcc.a(_unpack_sf.o)
                                0x17f (size before relaxing)
 .debug_str     0x000002e6       0x10 d:/courses/imt/01- full embedded systems diploma/tools/imt_sdk_win_64/winavr/bin/../lib/gcc/avr/4.3.3/avr5\libgcc.a(_fpcmp_parts_sf.o)
                                0x163 (size before relaxing)
 .debug_str     0x00000000       0xf4 d:/courses/imt/01- full embedded systems diploma/tools/imt_sdk_win_64/winavr/bin/../lib/gcc/avr/4.3.3/avr5\libgcc.a(_clz.o)

.debug_loc      0x00000000      0x96e
 *(.debug_loc)
 .debug_loc     0x00000000       0x34 d:/courses/imt/01- full embedded systems diploma/tools/imt_sdk_win_64/winavr/bin/../lib/gcc/avr/4.3.3/avr5\libgcc.a(_fixunssfsi.o)
 .debug_loc     0x00000034      0x32a d:/courses/imt/01- full embedded systems diploma/tools/imt_sdk_win_64/winavr/bin/../lib/gcc/avr/4.3.3/avr5\libgcc.a(_addsub_sf.o)
 .debug_loc     0x0000035e      0x104 d:/courses/imt/01- full embedded systems diploma/tools/imt_sdk_win_64/winavr/bin/../lib/gcc/avr/4.3.3/avr5\libgcc.a(_mul_sf.o)
 .debug_loc     0x00000462       0xc0 d:/courses/imt/01- full embedded systems diploma/tools/imt_sdk_win_64/winavr/bin/../lib/gcc/avr/4.3.3/avr5\libgcc.a(_div_sf.o)
 .debug_loc     0x00000522       0x3c d:/courses/imt/01- full embedded systems diploma/tools/imt_sdk_win_64/winavr/bin/../lib/gcc/avr/4.3.3/avr5\libgcc.a(_gt_sf.o)
 .debug_loc     0x0000055e       0x3c d:/courses/imt/01- full embedded systems diploma/tools/imt_sdk_win_64/winavr/bin/../lib/gcc/avr/4.3.3/avr5\libgcc.a(_ge_sf.o)
 .debug_loc     0x0000059a       0x3c d:/courses/imt/01- full embedded systems diploma/tools/imt_sdk_win_64/winavr/bin/../lib/gcc/avr/4.3.3/avr5\libgcc.a(_lt_sf.o)
 .debug_loc     0x000005d6       0x7e d:/courses/imt/01- full embedded systems diploma/tools/imt_sdk_win_64/winavr/bin/../lib/gcc/avr/4.3.3/avr5\libgcc.a(_sf_to_si.o)
 .debug_loc     0x00000654       0x4c d:/courses/imt/01- full embedded systems diploma/tools/imt_sdk_win_64/winavr/bin/../lib/gcc/avr/4.3.3/avr5\libgcc.a(_usi_to_sf.o)
 .debug_loc     0x000006a0       0x94 d:/courses/imt/01- full embedded systems diploma/tools/imt_sdk_win_64/winavr/bin/../lib/gcc/avr/4.3.3/avr5\libgcc.a(_clzsi2.o)
 .debug_loc     0x00000734      0x13e d:/courses/imt/01- full embedded systems diploma/tools/imt_sdk_win_64/winavr/bin/../lib/gcc/avr/4.3.3/avr5\libgcc.a(_pack_sf.o)
 .debug_loc     0x00000872       0xac d:/courses/imt/01- full embedded systems diploma/tools/imt_sdk_win_64/winavr/bin/../lib/gcc/avr/4.3.3/avr5\libgcc.a(_unpack_sf.o)
 .debug_loc     0x0000091e       0x50 d:/courses/imt/01- full embedded systems diploma/tools/imt_sdk_win_64/winavr/bin/../lib/gcc/avr/4.3.3/avr5\libgcc.a(_fpcmp_parts_sf.o)

.debug_macinfo
 *(.debug_macinfo)
OUTPUT(MyHomeSysytem.elf elf32-avr)
LOAD linker stubs

.debug_ranges   0x00000000       0x50
 .debug_ranges  0x00000000       0x50 d:/courses/imt/01- full embedded systems diploma/tools/imt_sdk_win_64/winavr/bin/../lib/gcc/avr/4.3.3/avr5\libgcc.a(_mul_sf.o)
